<?xml version="1.0" encoding="UTF-8"?>
<widget param1="12">
    <title>New Title</title>
</widget>