<Numbers>
    <Number>90</Number>
    <Number>90</Number>
    <Number>90</Number>
</Numbers>