<data test-value="Test">
    <child>UPDATED information</child>
</data>