<data test-value="UPDATE">
    Information
</data>