<data test-value="Test">
    <child>UPDATED information</child>
    <child>UPDATED information appended</child>
</data>